// Jest Snapshot v1, https://goo.gl/fbAQLP

exports[`Receta renders correctly 1`] = `
<div>
  <div
    className="c-display-receta"
  />
</div>
`;
